// Jest Snapshot v1, https://goo.gl/fbAQLP

exports[`Scenarios ScenariosMiddleware should inform the user of failure 1`] = `
<styled.div>
  <div
    className="alert alert-warn alert-dialog alert-lg"
    role="alert"
  >
    <span
      className="alert-icon dls-icon-warning icon-lg"
    />
    <h1
      className="heading-4 alert-header"
    >
      Failed to Load Scenarios
    </h1>
    <p
      className="alert-subtitle"
    >
      <span>
        Try 
      </span>
      <button
        onClick={[MockFunction]}
        type="button"
      >
        refreshing
      </button>
      <span>
         or updating the middleware URL in settings.
      </span>
    </p>
  </div>
</styled.div>
`;

exports[`Scenarios ScenariosMiddleware should loading state 1`] = `
<styled.div>
  <div
    className="progress-circle progress-indeterminate margin-auto"
  />
</styled.div>
`;

exports[`Scenarios ScenariosMiddleware should render scenarios middleware component 1`] = `
<styled.div
  className="border"
>
  <ul
    className="nav-menu"
  >
    <li
      className="nav-item"
      key="api-fetch"
    >
      <button
        aria-pressed={true}
        className="nav-link btn-secondary text-align-left fluid "
        onClick={[Function]}
        type="button"
      >
        api-fetch
      </button>
    </li>
    <li
      className="nav-item"
      key="scenario-2"
    >
      <button
        aria-pressed={false}
        className="nav-link btn-secondary text-align-left fluid border-0"
        onClick={[Function]}
        type="button"
      >
        scenario-2
      </button>
    </li>
  </ul>
</styled.div>
`;
